
> smart-p2p-lending-frontend@0.0.0 build
> tsc && vite build

node.exe : 'tsc' is 
not recognized as an 
internal or external 
command,
At C:\Program Files\nod
ejs\npm.ps1:29 char:3
+   & $NODE_EXE 
$NPM_CLI_JS $args
+   ~~~~~~~~~~~~~~~~~~~
~~~~~~~~~~
    + CategoryInfo     
         : NotSpecifi  
  ed: ('tsc' is not    
 re...ternal comman    
d,:String) [], Rem    
oteException
    + FullyQualifiedEr 
   rorId : NativeComm  
  andError
 
operable program or 
batch file.
