src/api/axios.ts(5,24): error TS2339: Property 'env' does not exist on type 'ImportMeta'.
src/components/Navbar.tsx(5,17): error TS6133: 'logout' is declared but its value is never read.
src/hooks/useSocket.ts(12,35): error TS2339: Property 'env' does not exist on type 'ImportMeta'.
